[INFO] Scanning for projects...
[INFO] 
[INFO] ----------------------< org.example:Project_File >----------------------
[INFO] Building Project_File 0.1.5
[INFO] --------------------------------[ jar ]---------------------------------
[INFO] 
[INFO] --- maven-clean-plugin:2.5:clean (default-clean) @ Project_File ---
[INFO] Deleting C:\Users\ksvik\IdeaProjects\MediManage\target
[INFO] 
[INFO] --- maven-resources-plugin:2.6:resources (default-resources) @ Project_File ---
[INFO] Using 'UTF-8' encoding to copy filtered resources.
[INFO] Copying 30 resources
[INFO] 
[INFO] --- maven-compiler-plugin:3.11.0:compile (default-compile) @ Project_File ---
[INFO] Changes detected - recompiling the module! :source
[INFO] Compiling 100 source files with javac [debug release 21] to target\classes
[INFO] -------------------------------------------------------------
[ERROR] COMPILATION ERROR : 
[INFO] -------------------------------------------------------------
[ERROR] /C:/Users/ksvik/IdeaProjects/MediManage/src/main/java/org/example/MediManage/AIController.java:[226,27] cannot find symbol
  symbol:   method cancelLocalGeneration()
  location: variable aiOrchestrator of type org.example.MediManage.service.ai.AIOrchestrator
[INFO] 1 error
[INFO] -------------------------------------------------------------
[INFO] ------------------------------------------------------------------------
[INFO] BUILD FAILURE
[INFO] ------------------------------------------------------------------------
[INFO] Total time:  3.347 s
[INFO] Finished at: 2026-03-10T01:46:20+05:30
[INFO] ------------------------------------------------------------------------
[ERROR] Failed to execute goal org.apache.maven.plugins:maven-compiler-plugin:3.11.0:compile (default-compile) on project Project_File: Compilation failure
[ERROR] /C:/Users/ksvik/IdeaProjects/MediManage/src/main/java/org/example/MediManage/AIController.java:[226,27] cannot find symbol
[ERROR]   symbol:   method cancelLocalGeneration()
[ERROR]   location: variable aiOrchestrator of type org.example.MediManage.service.ai.AIOrchestrator
[ERROR] 
[ERROR] -> [Help 1]
[ERROR] 
[ERROR] To see the full stack trace of the errors, re-run Maven with the -e switch.
[ERROR] Re-run Maven using the -X switch to enable full debug logging.
[ERROR] 
[ERROR] For more information about the errors and possible solutions, please read the following articles:
[ERROR] [Help 1] http://cwiki.apache.org/confluence/display/MAVEN/MojoFailureException
