[INFO] Scanning for projects...
[INFO] 
[INFO] ----------------------< org.example:Project_File >----------------------
[INFO] Building Project_File 0.1.5
[INFO] --------------------------------[ jar ]---------------------------------
[INFO] 
[INFO] --- maven-resources-plugin:2.6:resources (default-resources) @ Project_File ---
[INFO] Using 'UTF-8' encoding to copy filtered resources.
[INFO] Copying 31 resources
[INFO] 
[INFO] --- maven-compiler-plugin:3.11.0:compile (default-compile) @ Project_File ---
[INFO] Changes detected - recompiling the module! :source
[INFO] Compiling 101 source files with javac [debug release 21] to target\classes
[INFO] -------------------------------------------------------------
[ERROR] COMPILATION ERROR : 
[INFO] -------------------------------------------------------------
[ERROR] /C:/Users/ksvik/IdeaProjects/MediManage/src/main/java/org/example/MediManage/AIController.java:[14,41] cannot find symbol
  symbol:   class AIPromptCatalog
  location: package org.example.MediManage.service.ai
[ERROR] /C:/Users/ksvik/IdeaProjects/MediManage/src/main/java/org/example/MediManage/service/ai/InventoryAIService.java:[30,25] cannot find symbol
  symbol:   variable AIPromptCatalog
  location: class org.example.MediManage.service.ai.InventoryAIService
[ERROR] /C:/Users/ksvik/IdeaProjects/MediManage/src/main/java/org/example/MediManage/service/ai/InventoryAIService.java:[88,25] cannot find symbol
  symbol:   variable AIPromptCatalog
  location: class org.example.MediManage.service.ai.InventoryAIService
[ERROR] /C:/Users/ksvik/IdeaProjects/MediManage/src/main/java/org/example/MediManage/service/ai/InventoryAIService.java:[116,25] cannot find symbol
  symbol:   variable AIPromptCatalog
  location: class org.example.MediManage.service.ai.InventoryAIService
[ERROR] /C:/Users/ksvik/IdeaProjects/MediManage/src/main/java/org/example/MediManage/AIController.java:[308,16] cannot find symbol
  symbol:   variable AIPromptCatalog
  location: class org.example.MediManage.AIController
[ERROR] /C:/Users/ksvik/IdeaProjects/MediManage/src/main/java/org/example/MediManage/AIController.java:[315,21] cannot find symbol
  symbol:   variable AIPromptCatalog
  location: class org.example.MediManage.AIController
[ERROR] /C:/Users/ksvik/IdeaProjects/MediManage/src/main/java/org/example/MediManage/AIController.java:[321,21] cannot find symbol
  symbol:   variable AIPromptCatalog
  location: class org.example.MediManage.AIController
[ERROR] /C:/Users/ksvik/IdeaProjects/MediManage/src/main/java/org/example/MediManage/AIController.java:[327,21] cannot find symbol
  symbol:   variable AIPromptCatalog
  location: class org.example.MediManage.AIController
[ERROR] /C:/Users/ksvik/IdeaProjects/MediManage/src/main/java/org/example/MediManage/AIController.java:[333,21] cannot find symbol
  symbol:   variable AIPromptCatalog
  location: class org.example.MediManage.AIController
[ERROR] /C:/Users/ksvik/IdeaProjects/MediManage/src/main/java/org/example/MediManage/AIController.java:[339,21] cannot find symbol
  symbol:   variable AIPromptCatalog
  location: class org.example.MediManage.AIController
[ERROR] /C:/Users/ksvik/IdeaProjects/MediManage/src/main/java/org/example/MediManage/AIController.java:[345,21] cannot find symbol
  symbol:   variable AIPromptCatalog
  location: class org.example.MediManage.AIController
[ERROR] /C:/Users/ksvik/IdeaProjects/MediManage/src/main/java/org/example/MediManage/AIController.java:[351,21] cannot find symbol
  symbol:   variable AIPromptCatalog
  location: class org.example.MediManage.AIController
[ERROR] /C:/Users/ksvik/IdeaProjects/MediManage/src/main/java/org/example/MediManage/AIController.java:[357,21] cannot find symbol
  symbol:   variable AIPromptCatalog
  location: class org.example.MediManage.AIController
[ERROR] /C:/Users/ksvik/IdeaProjects/MediManage/src/main/java/org/example/MediManage/AIController.java:[363,21] cannot find symbol
  symbol:   variable AIPromptCatalog
  location: class org.example.MediManage.AIController
[ERROR] /C:/Users/ksvik/IdeaProjects/MediManage/src/main/java/org/example/MediManage/AIController.java:[369,21] cannot find symbol
  symbol:   variable AIPromptCatalog
  location: class org.example.MediManage.AIController
[ERROR] /C:/Users/ksvik/IdeaProjects/MediManage/src/main/java/org/example/MediManage/AIController.java:[375,21] cannot find symbol
  symbol:   variable AIPromptCatalog
  location: class org.example.MediManage.AIController
[INFO] 16 errors 
[INFO] -------------------------------------------------------------
[INFO] ------------------------------------------------------------------------
[INFO] BUILD FAILURE
[INFO] ------------------------------------------------------------------------
[INFO] Total time:  3.484 s
[INFO] Finished at: 2026-03-10T12:54:29+05:30
[INFO] ------------------------------------------------------------------------
[ERROR] Failed to execute goal org.apache.maven.plugins:maven-compiler-plugin:3.11.0:compile (default-compile) on project Project_File: Compilation failure: Compilation failure: 
[ERROR] /C:/Users/ksvik/IdeaProjects/MediManage/src/main/java/org/example/MediManage/AIController.java:[14,41] cannot find symbol
[ERROR]   symbol:   class AIPromptCatalog
[ERROR]   location: package org.example.MediManage.service.ai
[ERROR] /C:/Users/ksvik/IdeaProjects/MediManage/src/main/java/org/example/MediManage/service/ai/InventoryAIService.java:[30,25] cannot find symbol
[ERROR]   symbol:   variable AIPromptCatalog
[ERROR]   location: class org.example.MediManage.service.ai.InventoryAIService
[ERROR] /C:/Users/ksvik/IdeaProjects/MediManage/src/main/java/org/example/MediManage/service/ai/InventoryAIService.java:[88,25] cannot find symbol
[ERROR]   symbol:   variable AIPromptCatalog
[ERROR]   location: class org.example.MediManage.service.ai.InventoryAIService
[ERROR] /C:/Users/ksvik/IdeaProjects/MediManage/src/main/java/org/example/MediManage/service/ai/InventoryAIService.java:[116,25] cannot find symbol
[ERROR]   symbol:   variable AIPromptCatalog
[ERROR]   location: class org.example.MediManage.service.ai.InventoryAIService
[ERROR] /C:/Users/ksvik/IdeaProjects/MediManage/src/main/java/org/example/MediManage/AIController.java:[308,16] cannot find symbol
[ERROR]   symbol:   variable AIPromptCatalog
[ERROR]   location: class org.example.MediManage.AIController
[ERROR] /C:/Users/ksvik/IdeaProjects/MediManage/src/main/java/org/example/MediManage/AIController.java:[315,21] cannot find symbol
[ERROR]   symbol:   variable AIPromptCatalog
[ERROR]   location: class org.example.MediManage.AIController
[ERROR] /C:/Users/ksvik/IdeaProjects/MediManage/src/main/java/org/example/MediManage/AIController.java:[321,21] cannot find symbol
[ERROR]   symbol:   variable AIPromptCatalog
[ERROR]   location: class org.example.MediManage.AIController
[ERROR] /C:/Users/ksvik/IdeaProjects/MediManage/src/main/java/org/example/MediManage/AIController.java:[327,21] cannot find symbol
[ERROR]   symbol:   variable AIPromptCatalog
[ERROR]   location: class org.example.MediManage.AIController
[ERROR] /C:/Users/ksvik/IdeaProjects/MediManage/src/main/java/org/example/MediManage/AIController.java:[333,21] cannot find symbol
[ERROR]   symbol:   variable AIPromptCatalog
[ERROR]   location: class org.example.MediManage.AIController
[ERROR] /C:/Users/ksvik/IdeaProjects/MediManage/src/main/java/org/example/MediManage/AIController.java:[339,21] cannot find symbol
[ERROR]   symbol:   variable AIPromptCatalog
[ERROR]   location: class org.example.MediManage.AIController
[ERROR] /C:/Users/ksvik/IdeaProjects/MediManage/src/main/java/org/example/MediManage/AIController.java:[345,21] cannot find symbol
[ERROR]   symbol:   variable AIPromptCatalog
[ERROR]   location: class org.example.MediManage.AIController
[ERROR] /C:/Users/ksvik/IdeaProjects/MediManage/src/main/java/org/example/MediManage/AIController.java:[351,21] cannot find symbol
[ERROR]   symbol:   variable AIPromptCatalog
[ERROR]   location: class org.example.MediManage.AIController
[ERROR] /C:/Users/ksvik/IdeaProjects/MediManage/src/main/java/org/example/MediManage/AIController.java:[357,21] cannot find symbol
[ERROR]   symbol:   variable AIPromptCatalog
[ERROR]   location: class org.example.MediManage.AIController
[ERROR] /C:/Users/ksvik/IdeaProjects/MediManage/src/main/java/org/example/MediManage/AIController.java:[363,21] cannot find symbol
[ERROR]   symbol:   variable AIPromptCatalog
[ERROR]   location: class org.example.MediManage.AIController
[ERROR] /C:/Users/ksvik/IdeaProjects/MediManage/src/main/java/org/example/MediManage/AIController.java:[369,21] cannot find symbol
[ERROR]   symbol:   variable AIPromptCatalog
[ERROR]   location: class org.example.MediManage.AIController
[ERROR] /C:/Users/ksvik/IdeaProjects/MediManage/src/main/java/org/example/MediManage/AIController.java:[375,21] cannot find symbol
[ERROR]   symbol:   variable AIPromptCatalog
[ERROR]   location: class org.example.MediManage.AIController
[ERROR] -> [Help 1]
[ERROR] 
[ERROR] To see the full stack trace of the errors, re-run Maven with the -e switch.
[ERROR] Re-run Maven using the -X switch to enable full debug logging.
[ERROR] 
[ERROR] For more information about the errors and possible solutions, please read the following articles:
[ERROR] [Help 1] http://cwiki.apache.org/confluence/display/MAVEN/MojoFailureException
